// Jest Snapshot v1, https://goo.gl/fbAQLP

exports[`renders App correctly 1`] = `
<Container
  fluid={false}
>
  <Row
    noGutters={false}
  >
    <ProductGroup
      data={
        Object {
          "categories": Array [],
          "categoryType": "subcat",
          "groups": Array [
            Object {
              "flags": Array [
                Object {
                  "bopisSuppress": false,
                  "id": "newcore",
                  "rank": 3,
                },
              ],
              "hero": Object {
                "alt": "",
                "height": 363,
                "href": "https://assets.weimgs.com/weimgs/rk/images/wcm/products/202043/0001/doctors-without-borders-face-coverings-set-of-2-3-m.jpg",
                "meta": "",
                "rel": "hero",
                "size": "m",
                "width": 363,
              },
              "id": "doctors-without-borders-face-coverings-set-of-2-d9946",
              "images": Array [
                Object {
                  "alt": "",
                  "height": 363,
                  "href": "https://assets.weimgs.com/weimgs/rk/images/wcm/products/202043/0001/doctors-without-borders-face-coverings-set-of-2-1-m.jpg",
                  "meta": "",
                  "rel": "althero",
                  "size": "m",
                  "width": 363,
                },
                Object {
                  "alt": "",
                  "height": 363,
                  "href": "https://assets.weimgs.com/weimgs/rk/images/wcm/products/202043/0001/doctors-without-borders-face-coverings-set-of-2-m.jpg",
                  "meta": "",
                  "rel": "althero",
                  "size": "m",
                  "width": 363,
                },
              ],
              "links": Object {
                "www": "https://www.westelm.com/products/doctors-without-borders-face-coverings-set-of-2-d9946/",
              },
              "messages": Array [],
              "name": "Doctors Without Borders Face Coverings (Set of 2)",
              "price": Object {
                "regular": 24,
                "selling": 24,
              },
              "reviews": Object {
                "averageRating": 0,
                "id": "doctors-without-borders-face-coverings-set-of-2-d9946",
                "likelihood": 0,
                "recommendationCount": 0,
                "reviewCount": 0,
                "type": "GROUP_REVIEWS",
              },
              "swatches": Array [],
              "thumbnail": Object {
                "alt": "",
                "height": 363,
                "href": "https://assets.weimgs.com/weimgs/rk/images/wcm/products/202043/0001/doctors-without-borders-face-coverings-set-of-2-3-m.jpg",
                "meta": "",
                "rel": "thumbnail",
                "size": "m",
                "width": 363,
              },
            },
            Object {
              "flags": Array [
                Object {
                  "bopisSuppress": false,
                  "id": "newcore",
                  "rank": 3,
                },
              ],
              "hero": Object {
                "alt": "",
                "height": 363,
                "href": "https://assets.weimgs.com/weimgs/rk/images/wcm/products/202043/0001/doctors-without-borders-thank-you-ornaments-set-of-3-1-m.jpg",
                "meta": "",
                "rel": "hero",
                "size": "m",
                "width": 363,
              },
              "id": "doctors-without-borders-thank-you-ornaments-set-of-3-d9947",
              "images": Array [
                Object {
                  "alt": "",
                  "height": 363,
                  "href": "https://assets.weimgs.com/weimgs/rk/images/wcm/products/202043/0001/doctors-without-borders-thank-you-ornaments-set-of-3-m.jpg",
                  "meta": "",
                  "rel": "althero",
                  "size": "m",
                  "width": 363,
                },
              ],
              "links": Object {
                "www": "https://www.westelm.com/products/doctors-without-borders-thank-you-ornaments-set-of-3-d9947/",
              },
              "messages": Array [],
              "name": "Doctors Without Borders Thank You Ornaments (Set of 3)",
              "price": Object {
                "regular": 12.5,
                "selling": 12.5,
              },
              "reviews": Object {
                "averageRating": 0,
                "id": "doctors-without-borders-thank-you-ornaments-set-of-3-d9947",
                "likelihood": 0,
                "recommendationCount": 0,
                "reviewCount": 0,
                "type": "GROUP_REVIEWS",
              },
              "swatches": Array [],
              "thumbnail": Object {
                "alt": "",
                "height": 363,
                "href": "https://assets.weimgs.com/weimgs/rk/images/wcm/products/202043/0001/doctors-without-borders-thank-you-ornaments-set-of-3-1-m.jpg",
                "meta": "",
                "rel": "thumbnail",
                "size": "m",
                "width": 363,
              },
            },
            Object {
              "flags": Array [
                Object {
                  "bopisSuppress": false,
                  "id": "newcore",
                  "rank": 3,
                },
              ],
              "hero": Object {
                "alt": "",
                "height": 363,
                "href": "https://assets.weimgs.com/weimgs/rk/images/wcm/products/202043/0001/doctors-without-borders-thank-you-catchall-m.jpg",
                "meta": "",
                "rel": "hero",
                "size": "m",
                "width": 363,
              },
              "id": "doctors-without-borders-thank-you-catchall-d9948",
              "images": Array [],
              "links": Object {
                "www": "https://www.westelm.com/products/doctors-without-borders-thank-you-catchall-d9948/",
              },
              "messages": Array [],
              "name": "Doctors Without Borders Thank You Catchall",
              "price": Object {
                "regular": 19.5,
                "selling": 19.5,
              },
              "reviews": Object {
                "averageRating": 0,
                "id": "doctors-without-borders-thank-you-catchall-d9948",
                "likelihood": 0,
                "recommendationCount": 0,
                "reviewCount": 0,
                "type": "GROUP_REVIEWS",
              },
              "swatches": Array [],
              "thumbnail": Object {
                "alt": "",
                "height": 363,
                "href": "https://assets.weimgs.com/weimgs/rk/images/wcm/products/202043/0001/doctors-without-borders-thank-you-catchall-m.jpg",
                "meta": "",
                "rel": "thumbnail",
                "size": "m",
                "width": 363,
              },
            },
            Object {
              "flags": Array [
                Object {
                  "bopisSuppress": false,
                  "id": "newcore",
                  "rank": 3,
                },
              ],
              "hero": Object {
                "alt": "",
                "height": 363,
                "href": "https://assets.weimgs.com/weimgs/rk/images/wcm/products/202041/0010/festive-stripe-dinnerware-m.jpg",
                "meta": "",
                "rel": "hero",
                "size": "m",
                "width": 363,
              },
              "id": "festive-stripe-dinnerware-d7020",
              "images": Array [
                Object {
                  "alt": "",
                  "height": 363,
                  "href": "https://assets.weimgs.com/weimgs/rk/images/wcm/products/202043/0002/festive-stripe-dinnerware-m.jpg",
                  "meta": "",
                  "rel": "althero",
                  "size": "m",
                  "width": 363,
                },
                Object {
                  "alt": "",
                  "height": 363,
                  "href": "https://assets.weimgs.com/weimgs/rk/images/wcm/products/202039/0036/festive-stripe-salad-plate-m.jpg",
                  "meta": "",
                  "rel": "althero",
                  "size": "m",
                  "width": 363,
                },
              ],
              "links": Object {
                "www": "https://www.westelm.com/products/festive-stripe-dinnerware-d7020/",
              },
              "messages": Array [],
              "name": "Festive Stripe Dinnerware",
              "priceRange": Object {
                "regular": Object {
                  "high": 126,
                  "low": 8.5,
                },
                "selling": Object {
                  "high": 88.2,
                  "low": 8.5,
                },
                "type": "special",
              },
              "reviews": Object {
                "averageRating": 0,
                "id": "festive-stripe-dinnerware-d7020",
                "likelihood": 0,
                "recommendationCount": 0,
                "reviewCount": 0,
                "type": "GROUP_REVIEWS",
              },
              "swatches": Array [],
              "thumbnail": Object {
                "alt": "",
                "height": 363,
                "href": "https://assets.weimgs.com/weimgs/rk/images/wcm/products/202041/0010/festive-stripe-dinnerware-m.jpg",
                "meta": "",
                "rel": "thumbnail",
                "size": "m",
                "width": 363,
              },
            },
            Object {
              "flags": Array [
                Object {
                  "bopisSuppress": false,
                  "id": "newcore",
                  "rank": 3,
                },
              ],
              "hero": Object {
                "alt": "",
                "height": 363,
                "href": "https://assets.weimgs.com/weimgs/rk/images/wcm/products/202041/0022/festive-stripe-salad-plate-m.jpg",
                "meta": "",
                "rel": "hero",
                "size": "m",
                "width": 363,
              },
              "id": "festive-stripe-salad-plate-d6827",
              "images": Array [
                Object {
                  "alt": "",
                  "height": 363,
                  "href": "https://assets.weimgs.com/weimgs/rk/images/wcm/products/202041/0004/festive-stripe-bowl-m.jpg",
                  "meta": "",
                  "rel": "althero",
                  "size": "m",
                  "width": 363,
                },
                Object {
                  "alt": "",
                  "height": 363,
                  "href": "https://assets.weimgs.com/weimgs/rk/images/wcm/products/202039/0036/festive-stripe-salad-plate-m.jpg",
                  "meta": "",
                  "rel": "althero",
                  "size": "m",
                  "width": 363,
                },
              ],
              "links": Object {
                "www": "https://www.westelm.com/products/festive-stripe-salad-plate-d6827/",
              },
              "messages": Array [],
              "name": "Festive Stripe Salad Plate",
              "price": Object {
                "regular": 10.5,
                "selling": 10.5,
              },
              "reviews": Object {
                "averageRating": 0,
                "id": "festive-stripe-salad-plate-d6827",
                "likelihood": 0,
                "recommendationCount": 0,
                "reviewCount": 0,
                "type": "GROUP_REVIEWS",
              },
              "swatches": Array [],
              "thumbnail": Object {
                "alt": "",
                "height": 363,
                "href": "https://assets.weimgs.com/weimgs/rk/images/wcm/products/202041/0022/festive-stripe-salad-plate-m.jpg",
                "meta": "",
                "rel": "thumbnail",
                "size": "m",
                "width": 363,
              },
            },
            Object {
              "flags": Array [
                Object {
                  "bopisSuppress": false,
                  "id": "newcore",
                  "rank": 3,
                },
              ],
              "hero": Object {
                "alt": "",
                "height": 363,
                "href": "https://assets.weimgs.com/weimgs/rk/images/wcm/products/202041/0023/festive-stripe-bowl-set-of-4-m.jpg",
                "meta": "",
                "rel": "hero",
                "size": "m",
                "width": 363,
              },
              "id": "festive-stripe-bowl-t5286",
              "images": Array [
                Object {
                  "alt": "",
                  "height": 363,
                  "href": "https://assets.weimgs.com/weimgs/rk/images/wcm/products/202041/0004/festive-stripe-bowl-m.jpg",
                  "meta": "",
                  "rel": "althero",
                  "size": "m",
                  "width": 363,
                },
                Object {
                  "alt": "",
                  "height": 363,
                  "href": "https://assets.weimgs.com/weimgs/rk/images/wcm/products/202039/0036/festive-stripe-salad-plate-m.jpg",
                  "meta": "",
                  "rel": "althero",
                  "size": "m",
                  "width": 363,
                },
              ],
              "links": Object {
                "www": "https://www.westelm.com/products/festive-stripe-bowl-t5286/",
              },
              "messages": Array [],
              "name": "Festive Stripe Bowl",
              "price": Object {
                "regular": 8.5,
                "selling": 8.5,
              },
              "reviews": Object {
                "averageRating": 0,
                "id": "festive-stripe-bowl-t5286",
                "likelihood": 0,
                "recommendationCount": 0,
                "reviewCount": 0,
                "type": "GROUP_REVIEWS",
              },
              "swatches": Array [],
              "thumbnail": Object {
                "alt": "",
                "height": 363,
                "href": "https://assets.weimgs.com/weimgs/rk/images/wcm/products/202041/0023/festive-stripe-bowl-set-of-4-m.jpg",
                "meta": "",
                "rel": "thumbnail",
                "size": "m",
                "width": 363,
              },
            },
            Object {
              "flags": Array [
                Object {
                  "bopisSuppress": false,
                  "id": "new_colors",
                  "rank": 11,
                },
              ],
              "hero": Object {
                "alt": "",
                "height": 363,
                "href": "https://assets.weimgs.com/weimgs/rk/images/wcm/products/202044/0115/crewel-landscape-pillow-cover-m.jpg",
                "meta": "",
                "rel": "hero",
                "size": "m",
                "width": 363,
              },
              "id": "crewel-landscape-pillow-cover-t5395",
              "images": Array [
                Object {
                  "alt": "",
                  "height": 363,
                  "href": "https://assets.weimgs.com/weimgs/rk/images/wcm/products/202044/0116/crewel-landscape-pillow-cover-m.jpg",
                  "meta": "",
                  "rel": "althero",
                  "size": "m",
                  "width": 363,
                },
                Object {
                  "alt": "",
                  "height": 363,
                  "href": "https://assets.weimgs.com/weimgs/rk/images/wcm/products/202029/0015/embroidered-diamond-stripe-pillow-cover-m.jpg",
                  "meta": "",
                  "rel": "althero",
                  "size": "m",
                  "width": 363,
                },
                Object {
                  "alt": "",
                  "height": 363,
                  "href": "https://assets.weimgs.com/weimgs/rk/images/wcm/products/202024/0128/crewel-landscape-pillow-cover-1-m.jpg",
                  "meta": "",
                  "rel": "althero",
                  "size": "m",
                  "width": 363,
                },
              ],
              "links": Object {
                "www": "https://www.westelm.com/products/crewel-landscape-pillow-cover-t5395/",
              },
              "messages": Array [],
              "name": "Crewel Landscape Pillow Cover",
              "priceRange": Object {
                "selling": Object {
                  "high": 79,
                  "low": 40,
                },
              },
              "reviews": Object {
                "averageRating": 0,
                "id": "crewel-landscape-pillow-cover-t5395",
                "likelihood": 0,
                "recommendationCount": 0,
                "reviewCount": 0,
                "type": "GROUP_REVIEWS",
              },
              "swatches": Array [],
              "thumbnail": Object {
                "alt": "",
                "height": 363,
                "href": "https://assets.weimgs.com/weimgs/rk/images/wcm/products/202044/0115/crewel-landscape-pillow-cover-m.jpg",
                "meta": "",
                "rel": "thumbnail",
                "size": "m",
                "width": 363,
              },
            },
            Object {
              "flags": Array [
                Object {
                  "bopisSuppress": false,
                  "id": "newcore",
                  "rank": 3,
                },
              ],
              "hero": Object {
                "alt": "",
                "height": 363,
                "href": "https://assets.weimgs.com/weimgs/rk/images/wcm/products/202044/0116/fading-dots-pillow-cover-1-m.jpg",
                "meta": "",
                "rel": "hero",
                "size": "m",
                "width": 363,
              },
              "id": "fading-dots-pillow-cover-t5862",
              "images": Array [
                Object {
                  "alt": "",
                  "height": 363,
                  "href": "https://assets.weimgs.com/weimgs/rk/images/wcm/products/202044/0116/fading-dots-pillow-cover-m.jpg",
                  "meta": "",
                  "rel": "althero",
                  "size": "m",
                  "width": 363,
                },
                Object {
                  "alt": "",
                  "height": 363,
                  "href": "https://assets.weimgs.com/weimgs/rk/images/wcm/products/202042/0117/fading-dots-pillow-cover-m.jpg",
                  "meta": "",
                  "rel": "althero",
                  "size": "m",
                  "width": 363,
                },
                Object {
                  "alt": "",
                  "height": 363,
                  "href": "https://assets.weimgs.com/weimgs/rk/images/wcm/products/202042/0001/fading-dots-pillow-cover-m.jpg",
                  "meta": "",
                  "rel": "althero",
                  "size": "m",
                  "width": 363,
                },
                Object {
                  "alt": "",
                  "height": 363,
                  "href": "https://assets.weimgs.com/weimgs/rk/images/wcm/products/202042/0002/embroidered-animal-print-pillow-cover-m.jpg",
                  "meta": "",
                  "rel": "althero",
                  "size": "m",
                  "width": 363,
                },
                Object {
                  "alt": "",
                  "height": 363,
                  "href": "https://assets.weimgs.com/weimgs/rk/images/wcm/products/202042/0001/raised-velvet-pillow-cover-m.jpg",
                  "meta": "",
                  "rel": "althero",
                  "size": "m",
                  "width": 363,
                },
              ],
              "links": Object {
                "www": "https://www.westelm.com/products/fading-dots-pillow-cover-t5862/",
              },
              "messages": Array [],
              "name": "Fading Dots Pillow Cover",
              "priceRange": Object {
                "selling": Object {
                  "high": 99,
                  "low": 49.5,
                },
              },
              "reviews": Object {
                "averageRating": 0,
                "id": "fading-dots-pillow-cover-t5862",
                "likelihood": 0,
                "recommendationCount": 0,
                "reviewCount": 0,
                "type": "GROUP_REVIEWS",
              },
              "swatches": Array [],
              "thumbnail": Object {
                "alt": "",
                "height": 363,
                "href": "https://assets.weimgs.com/weimgs/rk/images/wcm/products/202044/0116/fading-dots-pillow-cover-1-m.jpg",
                "meta": "",
                "rel": "thumbnail",
                "size": "m",
                "width": 363,
              },
            },
            Object {
              "flags": Array [
                Object {
                  "bopisSuppress": false,
                  "id": "newcore",
                  "rank": 3,
                },
              ],
              "hero": Object {
                "alt": "",
                "height": 363,
                "href": "https://assets.weimgs.com/weimgs/rk/images/wcm/products/202044/0117/raised-velvet-pillow-cover-m.jpg",
                "meta": "",
                "rel": "hero",
                "size": "m",
                "width": 363,
              },
              "id": "raised-velvet-pillow-cover-t5863",
              "images": Array [
                Object {
                  "alt": "",
                  "height": 363,
                  "href": "https://assets.weimgs.com/weimgs/rk/images/wcm/products/202044/0115/raised-velvet-pillow-cover-m.jpg",
                  "meta": "",
                  "rel": "althero",
                  "size": "m",
                  "width": 363,
                },
                Object {
                  "alt": "",
                  "height": 363,
                  "href": "https://assets.weimgs.com/weimgs/rk/images/wcm/products/202042/0117/raised-velvet-pillow-cover-m.jpg",
                  "meta": "",
                  "rel": "althero",
                  "size": "m",
                  "width": 363,
                },
                Object {
                  "alt": "",
                  "height": 363,
                  "href": "https://assets.weimgs.com/weimgs/rk/images/wcm/products/202042/0001/raised-velvet-pillow-cover-1-m.jpg",
                  "meta": "",
                  "rel": "althero",
                  "size": "m",
                  "width": 363,
                },
                Object {
                  "alt": "",
                  "height": 363,
                  "href": "https://assets.weimgs.com/weimgs/rk/images/wcm/products/202042/0001/raised-velvet-pillow-cover-m.jpg",
                  "meta": "",
                  "rel": "althero",
                  "size": "m",
                  "width": 363,
                },
              ],
              "links": Object {
                "www": "https://www.westelm.com/products/raised-velvet-pillow-cover-t5863/",
              },
              "messages": Array [],
              "name": "Raised Velvet Pillow Cover",
              "priceRange": Object {
                "selling": Object {
                  "high": 99,
                  "low": 49.5,
                },
              },
              "reviews": Object {
                "averageRating": 0,
                "id": "raised-velvet-pillow-cover-t5863",
                "likelihood": 0,
                "recommendationCount": 0,
                "reviewCount": 0,
                "type": "GROUP_REVIEWS",
              },
              "swatches": Array [],
              "thumbnail": Object {
                "alt": "",
                "height": 363,
                "href": "https://assets.weimgs.com/weimgs/rk/images/wcm/products/202044/0117/raised-velvet-pillow-cover-m.jpg",
                "meta": "",
                "rel": "thumbnail",
                "size": "m",
                "width": 363,
              },
            },
            Object {
              "flags": Array [
                Object {
                  "bopisSuppress": false,
                  "id": "newcore",
                  "rank": 3,
                },
                Object {
                  "bopisSuppress": false,
                  "id": "handcrafted",
                  "rank": 10,
                },
              ],
              "hero": Object {
                "alt": "",
                "height": 363,
                "href": "https://assets.weimgs.com/weimgs/rk/images/wcm/products/202040/0873/cozy-weave-pillow-cover-throw-set-stone-white-1-m.jpg",
                "meta": "",
                "rel": "hero",
                "size": "m",
                "width": 363,
              },
              "id": "cozy-weave-pillow-cover-throw-set-stone-white-t5864",
              "images": Array [
                Object {
                  "alt": "",
                  "height": 363,
                  "href": "https://assets.weimgs.com/weimgs/rk/images/wcm/products/202036/0030/black-white-pillow-cover-set-m.jpg",
                  "meta": "",
                  "rel": "althero",
                  "size": "m",
                  "width": 363,
                },
                Object {
                  "alt": "",
                  "height": 363,
                  "href": "https://assets.weimgs.com/weimgs/rk/images/wcm/products/202041/0181/cozy-weave-pillow-cover-throw-set-stone-white-m.jpg",
                  "meta": "",
                  "rel": "althero",
                  "size": "m",
                  "width": 363,
                },
              ],
              "links": Object {
                "www": "https://www.westelm.com/products/cozy-weave-pillow-cover-throw-set-stone-white-t5864/",
              },
              "messages": Array [],
              "name": "Cozy Weave Pillow Cover &amp; Throw Set - Stone White",
              "price": Object {
                "regular": 139,
                "selling": 111.2,
                "type": "special",
              },
              "reviews": Object {
                "averageRating": 0,
                "id": "cozy-weave-pillow-cover-throw-set-stone-white-t5864",
                "likelihood": 0,
                "recommendationCount": 0,
                "reviewCount": 0,
                "type": "GROUP_REVIEWS",
              },
              "swatches": Array [],
              "thumbnail": Object {
                "alt": "",
                "height": 363,
                "href": "https://assets.weimgs.com/weimgs/rk/images/wcm/products/202040/0873/cozy-weave-pillow-cover-throw-set-stone-white-1-m.jpg",
                "meta": "",
                "rel": "thumbnail",
                "size": "m",
                "width": 363,
              },
            },
          ],
          "id": "shop/new/all-new",
          "name": "All New",
          "totalPages": 94,
        }
      }
    />
  </Row>
</Container>
`;
